 728 209 21 209 8313 2607
 37515 18569 293
 
 209
 50276
 50275
 186
 187
 535
 2756
 186 187
 12092 1533
 24387 1533
 12092 3645
 24387 3645
 24387 3645 2
 12092 13 1533 2
 24387 13 1533 2
 436 310 22692 101 236 15 14161
 88 27244 209 24 16853 16392 20505 4989 11917
 32520 11514 1068 8713 38177 13396 3415 9925 12559 10453 1389
 18081 211 18081 116 18081 230 39936 222 18081 226 39936 213 18081 233 18081 117 18081 242 39936 212 18081 242 18081 97 18081 116 18081 216 18081 212 18081 238 18081 216 39936 212 18081 220
 14931 237 211 209 9 6320 10 49042 116 325 224 14931 223 106 171 118 226 209 9 34263 802 13511 261 32147 456 10 3384 239 216 209 9 7483 802 80 8020 326 556 697 1211 10669 10
 12092
 24387
 50276 12092
 50275 12092
 50274 12092
 50274 12092 187 50274 12092
 209 9
 586 30
 8 8685
 12092 13 340 8 455 2 1359 403 368 49042 212 209 32 15367 41197 13610 19934 41869 21275 17015 30977 18 40120 20422 241
 18963 4672
 20
 1610
 20084
 20084 20
 20084 1610
 20084 20084
 20084 20084 20
 20084 20084 1610
 20084 20084 20084
 36 6829 244 66 17721 35177 85
 1262 2196
 586 1744 33525 186 209 623 28910 187 50276 187 50275 187 50274 187 50273 187 14931 237 211 209 9 6320 10 49042 116 325 224 14931 223 106 171 118 226 209 9 34263 802 13511 261 32147 456 10 3384 239 216 22692 101 236 14931 101 236 209 20 209 1610 209 20084 209 20084 20 209 20084 1610 209 20084 20084 209 20084 20084 20 209 20084 20084 1610 209 20 15 20 209 20 537 20 209 20 1051 20 209 18081 211 18081 116 18081 230 39936 222 18081 226 39936 213 18081 233 18081 117 18081 242 39936 212 18081 242 18081 97 18081 116 18081 216 14931 235 212 209 32 15367 41197 13610 19934 41869 21275 17015 30977 18 40120 20422 241 209 4485 6877 12880 11514 1068 8713 38177 13396 3415 9925 12559 10453 1389 209 6267 6267 6267 34842 11202 9739 9739 33021 18963 4672 25561 8220 309 8 306 644 209 8 42618 344 8 84 627 13 209 8 1848 368 2119 32 209 8 46 417 2119 309 8 620 1056 352 13 209 8 37 368 751 690 10331 32 844 8 31516 247 8 77 45
 
 510 5347 273 6181 310
 12092 13 1533 2 50276 29454 50275 31748 285 247 10334 186 1568 15
 12676 111 5494 107 34446 12363 214 29440 7297 110 15899 120 6418 49868 3917 40843 233 34446 3917 13609 36644 20776 4340
 39980 359 74 10278 13014 13 691 8 84 4308 6917 209 1128 30562 35566 282 11014 15
 1545 5713 9 79 2262
 50274 2309 295 604 295 209 29 209 19 2010 5713 9 79 14 18 10 209 12 5713 9 79 14 19 10
 49 5395 27 209 5 18 13 20210 15 3208 209 9 9887 15 17275 18 15 18 76 10 327 209 18161 23 14 2693 14 938 387 209 1036 27 1857 15
 14931 18713 802 80 8020 285 209 49868 19119 241 6804 342 4383 3000 751 24720 16 55 335 17369 15
 1147 8 84 359 8 250 597 8 620 309 8 69 368 8 306 476 8 85 24694 8 53
 50275 16378 8470 285 28417 8470 50275
 3614 1358 46841 706 511 15 3024 16 532 3671 16 67 2320 90 1051 1854 16 3113 16 3433 13539 32 89 30 18 7 90 30 19
 39742 166 115 244 39907 25811 216 224 33057 99 169 221 118 168 236 211 9160 46640 10453 18664 8134 14742 5031
 5 18 13 20210 15 3208 209 29 14490 209 2313 933 209 95 10819 209 18161 23 14 2693 14 938 209 10683 25133 3141 209 7931
 66 12 67 30 68 28 1269 29 90 31 91 209 1051 209 15844 209 33186 209 1890 5
 10683 25133 24 2511 17 209 20 15 18962 3046 209 18 13 933 13 933
